// Jest Snapshot v1, https://goo.gl/fbAQLP

exports[`Home Component renders correctly 1`] = `
<div
  className="sc-bxivhb dvXZAB"
>
  <header
    className="sc-gzVnrw daRvCo"
  >
    <nav
      className="sc-dnqmqq gQTnSb"
    >
      <a
        className="sc-htoDjs jxoWAa"
        href="#"
      >
        SELA
      </a>
    </nav>
    <div
      className="sc-bZQynM fYKTQZ"
    >
      <h4
        className="big-size sc-iwsKbI geApFa"
      >
        Keep track of development 
        <br />
         projects near you
      </h4>
      <p
        className="big-size sc-gZMcBi cwhwfC"
      >
        The Sela Platform enables stakeholders share real time information
         
        <br />
        on the state of infrastructure projects to ensure transparent delivery
      </p>
      <a
        className="sc-EHOje eavTOz"
        onClick={[Function]}
      >
        <span>
          SEE PROJECTS
        </span>
        <span>
          <img
            alt="scroll down"
            src="expand-icon.svg"
          />
        </span>
      </a>
    </div>
  </header>
  <aside
    className="sc-eHgmQL jTAknP"
  >
    <div
      className="css-lyovzr-Loader"
    >
      <div
        className="css-19fnvi4-style"
      />
      <div
        className="css-eink1d-style"
      />
      <div
        className="css-19fnvi4-style"
      />
    </div>
  </aside>
  <div>
    <section
      className="sc-fjdhpX flNxrH"
    >
      <div
        className="sc-gqjmRU ftPiGr"
      >
        <div
          className="sc-VigVT wAawY"
        >
          <h4>
            All Projects
          </h4>
        </div>
        <div
          className="sc-chPdSV DIMEh"
        >
          <div
            className="sc-jzJRlG jVBuMd"
          >
            <h3>
              Sort by:
            </h3>
          </div>
          <div
            className="sc-kAzzGY cLAYFq"
          >
            <select
              className="sc-cSHVUG hIYkaR"
              onChange={[Function]}
            >
              <option
                value=""
              >
                None
              </option>
              <option
                value="budget"
              >
                Budget
              </option>
              <option
                value="startDate"
              >
                Start date
              </option>
              <option
                value="endDate"
              >
                End Date
              </option>
            </select>
          </div>
        </div>
      </div>
      <div
        className="sc-jTzLTM jroYUT"
      />
    </section>
  </div>
  <div
    className="sc-ifAKCX dihmFK"
  >
    (c) Sela. 
    2019
  </div>
</div>
`;
